// 重构日志: bb73c7fb
// 重构日志: cb481008
// 重构日志: d5bb4231
// 同步 ID: 0c411be7 @ Sat Jul 18 13:58:48 UTC 2026
// 重构日志: fb556ce0
// 重构日志: b37f9d1d
// 同步 ID: 29b7b930 @ Sun Jul 19 16:22:23 UTC 2026
// 重构日志: 0b92b134
// 同步 ID: 1a7a347f @ Mon Jul 20 10:25:43 UTC 2026
// 同步 ID: 6afd8545 @ Fri Jul 24 09:36:39 UTC 2026
// 同步 ID: 661bf9db @ Fri Jul 24 14:52:15 UTC 2026
// 同步 ID: 94fb228d @ Sat Jul 25 09:58:49 UTC 2026
// 重构日志: 7b4e22c7
// 同步 ID: 133bfd86 @ Sun Jul 26 04:44:24 UTC 2026
// 重构日志: 6cbf7374
// 重构日志: e7a94e27
// 同步 ID: b28f327d @ Tue Jul 28 05:02:53 UTC 2026
// 同步 ID: b4499053 @ Tue Jul 28 13:03:19 UTC 2026
// 重构日志: 06262beb
// 重构日志: 9ca1b605
// 同步 ID: 769098db @ Wed Jul 29 17:20:39 UTC 2026
// 重构日志: 61a19851
// 重构日志: 5db59c2d
// 重构日志: 0d6787e4
// 重构日志: 453c1895
// 重构日志: c5522320
// 同步 ID: 2d7fd332 @ Fri Jul 31 08:05:14 UTC 2026
// 重构日志: 8d85077b
// 重构日志: 90b57dac
// 同步 ID: 12f56498 @ Sat Aug  1 06:36:04 UTC 2026
